// Jest Snapshot v1, https://goo.gl/fbAQLP

exports[`serializes 1`] = `
Object {
  "date": 1514764800000,
  "value": Object {
    "cents": 0,
  },
}
`;
