// Jest Snapshot v1, https://goo.gl/fbAQLP

exports[`serializes 1`] = `
Object {
  "items": Array [],
}
`;
